// Jest Snapshot v1, https://goo.gl/fbAQLP

exports[`Testing header Snapshot of the Skills component 1`] = `
<div
  className="flex flex-col items-center lg:gap-8 justify-center p-8 md:p-16 bg-gray-300 dark:bg-gray-900 transition duration-500 bg-opacity-70 dark:bg-opacity-70"
>
  <div
    className="flex flex-col justify-center lg:space-x-28 border-double border-b-8 border-gray-700 dark:border-gray-500  pb-12 lg:w-10/12"
  >
    <div
      className="hidden lg:flex flex-col space-y-9"
    >
      <div
        className="flex items-center justify-center gap-24"
      >
        <div
          className="flex flex-col items-center "
        >
          <img
            alt="JS"
            className="skill-logo bg-yellow-200 p-2 "
            src="https://img.icons8.com/nolan/96/javascript.png"
          />
          <p
            className="text-black dark:text-yellow-500 transition duration-500"
          >
            Javascript
          </p>
        </div>
        <div
          className="flex flex-col items-center"
        >
          <img
            alt="React"
            className="skill-logo bg-gray-600 p-2  "
            src="https://img.icons8.com/officel/80/000000/react.png"
          />
          <p
            className="text-black dark:text-blue-300 transition duration-500"
          >
            React
          </p>
        </div>
        <div
          className="flex flex-col items-center"
        >
          <img
            alt="React"
            className="skill-logo bg-white p-3 "
            src="https://img.icons8.com/color/96/000000/redux.png"
          />
          <p
            className="text-black dark:text-purple-800 transition duration-500"
          >
            Redux
          </p>
        </div>
        <div
          className="flex flex-col items-center"
        >
          <img
            alt="React"
            className="skill-logo bg-white p-2 "
            src="https://img.icons8.com/nolan/96/react-native.png"
          />
          <p
            className="text-black dark:text-pink-800 transition duration-500"
          >
            React-Native
          </p>
        </div>
      </div>
      <div
        className="flex items-center justify-center gap-24"
      >
        <div
          className="flex flex-col items-center "
        >
          <svg
            className=" skill-logo w-20 rounded-none  "
          >
            typescript.svg
          </svg>
          <p
            className="text-black dark:text-yellow-500 transition duration-500"
          >
            Typescript
          </p>
        </div>
        <div
          className="flex flex-col items-center"
        >
          <img
            alt="React"
            className="skill-logo bg-gray-300 p-2 "
            src="https://img.icons8.com/color/96/000000/mongodb.png"
          />
          <p
            className="text-black dark:text-green-400 transition duration-500"
          >
            MongoDB
          </p>
        </div>
        <div
          className="flex flex-col items-center"
        >
          <img
            alt="React"
            className="skill-logo bg-gray-200 p-2 "
            src="https://img.icons8.com/color/48/000000/graphql.png"
          />
          <p
            className="text-black dark:text-pink-500 transition duration-500"
          >
            GraphQL
          </p>
        </div>
        <div
          className="flex flex-col items-center"
        >
          <img
            alt="React"
            className="skill-logo bg-green-400 p-2  "
            src="https://img.icons8.com/color/96/000000/nodejs.png"
          />
          <p
            className="text-black dark:text-green-400 transition duration-500"
          >
            Node
          </p>
        </div>
      </div>
      <div
        className="flex items-center justify-center gap-24"
      >
        <div
          className="flex flex-col items-center"
        >
          <img
            alt="tailwind-logo"
            className="skill-logo mb-4 h-20 w-32"
            src="tailwind-css.png"
          />
          <p
            className="text-black dark:text-blue-300 transition duration-500"
          >
            Tailwindcss
          </p>
        </div>
        <div
          className="flex flex-col items-center"
        >
          <svg
            className="skill-logo h-16 sm:h-20 md:h-24"
          >
            cypress.svg
          </svg>
          <p
            className="text-black dark:text-gray-50 transition duration-500"
          >
            Cypress.io
          </p>
        </div>
        <div
          className="flex flex-col items-center"
        >
          <svg
            className="skill-logo p-3 w-24 h-24 bg-white"
          >
            aws-logo.svg
          </svg>
          <p
            className=" text-yellow-400 transition duration-500"
          >
            AWS Junior Developer Use
          </p>
        </div>
      </div>
    </div>
    <div
      className="lg:hidden block"
    >
      <div
        className="flex flex-col items-center space-y-4 sm:space-y-8 md:space-y-12"
      >
        <div
          className="flex items-center justify-evenly space-x-9 sm:space-x-16 md:space-x-20"
        >
          <div
            className="flex flex-col items-center "
          >
            <img
              alt="JS"
              className="skill-logo bg-yellow-200 p-2 "
              src="https://img.icons8.com/nolan/96/javascript.png"
            />
            <p
              className="text-sm text-black dark:text-yellow-500 transition duration-500"
            >
              Javascript
            </p>
          </div>
          <div
            className="flex flex-col items-center"
          >
            <img
              alt="React"
              className="skill-logo bg-gray-600 p-2 "
              src="https://img.icons8.com/officel/80/000000/react.png"
            />
            <p
              className="text-sm text-black dark:text-blue-300 transition duration-500"
            >
              React
            </p>
          </div>
          <div
            className="flex flex-col items-center"
          >
            <img
              alt="Redux"
              className="skill-logo bg-white p-3 "
              src="https://img.icons8.com/color/96/000000/redux.png"
            />
            <p
              className="text-sm text-black dark:text-purple-800 transition duration-500"
            >
              Redux
            </p>
          </div>
        </div>
        <div
          className="flex items-center justify-evenly space-x-9 sm:space-x-16 md:space-x-20"
        >
          <div
            className="flex flex-col items-center"
          >
            <img
              alt="React"
              className="skill-logo bg-white p-2 "
              src="https://img.icons8.com/nolan/96/react-native.png"
            />
            <p
              className="text-sm text-black dark:text-pink-800 transition duration-500"
            >
              React-Native
            </p>
          </div>
          <div
            className="flex flex-col items-center"
          >
            <img
              alt="React"
              className="skill-logo bg-gray-300 p-2 "
              src="https://img.icons8.com/color/96/000000/mongodb.png"
            />
            <p
              className="text-sm text-black dark:text-green-400 transition duration-500"
            >
              MongoDB
            </p>
          </div>
          <div
            className="flex flex-col items-center"
          >
            <img
              alt="React"
              className="skill-logo bg-gray-200 p-2 "
              src="https://img.icons8.com/color/48/000000/graphql.png"
            />
            <p
              className="text-sm text-black dark:text-pink-500 transition duration-500"
            >
              GraphQL
            </p>
          </div>
        </div>
        <div
          className="flex items-center justify-evenly space-x-5 sm:space-x-11 md:space-x-14"
        >
          <div
            className="flex flex-col items-center"
          >
            <img
              alt="React"
              className="skill-logo bg-green-400 p-2  "
              src="https://img.icons8.com/color/96/000000/nodejs.png"
            />
            <p
              className="text-sm text-black dark:text-green-400 transition duration-500"
            >
              Node
            </p>
          </div>
          <div
            className="flex flex-col items-center"
          >
            <img
              alt="tailwind-logo"
              className="skill-logo h-16 w-20 mb-4 pt-3"
              src="tailwind-css.png"
            />
            <p
              className="text-sm text-black dark:text-blue-300 transition duration-500"
            >
              Tailwindcss
            </p>
          </div>
          <div
            className="flex flex-col items-center"
          >
            <svg
              className="skill-logo h-20 w-20"
            >
              cypress.svg
            </svg>
            <p
              className="text-sm text-black dark:text-gray-300 transition duration-500"
            >
              Cypress.io
            </p>
          </div>
        </div>
        <div
          className="flex items-center justify-evenly space-x-5 sm:space-x-11 md:space-x-14"
        >
          <div
            className="flex flex-col items-center"
          >
            <svg
              className="skill-logo w-16 rounded-none"
            >
              typescript.svg
            </svg>
            <p
              className="text-sm text-black dark:text-green-400 transition duration-500"
            >
              Typescript
            </p>
          </div>
          <div
            className="flex flex-col items-center"
          >
            <svg
              className="skill-logo p-2 my-2 h-16 w-16 bg-white"
            >
              aws-logo.svg
            </svg>
            <p
              className=" text-yellow-400 transition duration-500"
            >
              Junior Dev Use
            </p>
          </div>
        </div>
      </div>
    </div>
  </div>
  <div
    className="flex flex-col xl:flex-row items-center space-y-5 xl:space-y-0 p-6 pl-12"
  >
    <div
      className="flex flex-col md:flex-row items-center space-y-5 md:space-y-0 w-full"
    >
      <div
        className="relative flex items-center justify-evenly space-x-7 w-full md:w-max"
      >
        <span
          className="spinner"
        />
        <p
          className="md:px-5 my-2 text-black dark:text-gray-300 text-center text-xs sm:text-sm uppercase p-2 w-full transition duration-500"
        >
          Ability to multitask
        </p>
      </div>
      <div
        className="relative flex items-center justify-evenly space-x-7 w-full md:w-max"
      >
        <span
          className="spinner"
        />
        <p
          className="md:px-5 my-2 text-black dark:text-gray-300 text-center text-xs sm:text-sm uppercase p-2 w-full transition duration-500"
        >
          Engaged, persistent and focused
        </p>
      </div>
    </div>
    <div
      className="flex flex-col md:flex-row items-center space-y-5 md:space-y-0 w-full"
    >
      <div
        className="relative flex items-center justify-evenly space-x-7 w-full md:w-max"
      >
        <span
          className="spinner"
        />
        <p
          className="md:px-5 my-2 text-black dark:text-gray-300 text-center text-xs sm:text-sm uppercase p-2 transition duration-500"
        >
          Mother tongue: Spanish
        </p>
      </div>
      <div
        className="relative flex items-center justify-evenly space-x-7 w-full md:w-max"
      >
        <span
          className="spinner"
        />
        <p
          className="md:px-5 my-2 text-black dark:text-gray-300 text-center text-xs sm:text-sm uppercase p-2 transition duration-500"
        >
          Proficiency in English
        </p>
      </div>
    </div>
  </div>
</div>
`;

exports[`Testing header Snapshot of the Strenghts component 1`] = `
<div
  className="bg-gray-300 dark:bg-gray-900 flex flex-col items-center p-4 md:py-10 lg:py-20 transition duration-500 rounded-b-xl bg-opacity-70 dark:bg-opacity-70"
>
  <div
    className="w-full sm:w-11/12 lg:w-2/3 text-center"
  >
    <div
      className="p-4 border-2 border-gray-300 rounded-md bg-gray-500 mb-3"
    >
      <button
        className="flex items-center justify-between w-full"
        onClick={[Function]}
      >
        <p
          className="text-2xl text-gray-900 text-left cursor-pointer pb-2 w-full "
        >
          Committed and Perseverant
        </p>
        <div
          className="transition duration-300"
        >
          <svg>
            arrow.svg
          </svg>
        </div>
      </button>
    </div>
    <div
      className="p-4 border-2 border-gray-300 rounded-md bg-gray-500 mb-3"
    >
      <button
        className="flex items-center justify-between w-full"
        onClick={[Function]}
      >
        <p
          className="text-2xl text-gray-900 text-left cursor-pointer pb-2 w-full "
        >
          Customer Service Oriented
        </p>
        <div
          className="transition duration-300"
        >
          <svg>
            arrow.svg
          </svg>
        </div>
      </button>
    </div>
    <div
      className="p-4 border-2 border-gray-300 rounded-md bg-gray-500 mb-3"
    >
      <button
        className="flex items-center justify-between w-full"
        onClick={[Function]}
      >
        <p
          className="text-2xl text-gray-900 text-left cursor-pointer pb-2"
        >
          Teaching Experience
        </p>
        <div
          className="transition duration-300"
        >
          <svg>
            arrow.svg
          </svg>
        </div>
      </button>
    </div>
    <div
      className="p-4 border-2 border-gray-300 rounded-md bg-gray-500 mb-3"
    >
      <button
        className="flex items-center justify-between w-full"
        onClick={[Function]}
      >
        <p
          className="text-2xl text-gray-900 text-left cursor-pointer pb-2"
        >
          HIGH 
          <span
            className="border-2 border-yellow-300 p-1"
          >
            5
          </span>
           TEST
        </p>
        <div
          className="transition duration-300"
        >
          <svg>
            arrow.svg
          </svg>
        </div>
      </button>
    </div>
  </div>
</div>
`;
